// Jest Snapshot v1, https://goo.gl/fbAQLP

exports[`Authentication container should render the authentication container after load 1`] = `
ShallowWrapper {
  "length": 1,
  Symbol(enzyme.__root__): [Circular],
  Symbol(enzyme.__unrendered__): <Authentication />,
  Symbol(enzyme.__renderer__): Object {
    "batchedUpdates": [Function],
    "getNode": [Function],
    "render": [Function],
    "simulateEvent": [Function],
    "unmount": [Function],
  },
  Symbol(enzyme.__node__): Object {
    "instance": null,
    "key": undefined,
    "nodeType": "host",
    "props": Object {
      "autoComplete": "on",
      "children": <Unknown>
        <img
                alt=""
                src="logo.svg"
        />
        <input
                name="email"
                onChange={[Function]}
                placeholder="Email"
                style={
                        Object {
                                "borderBottom": "4px solid red",
                              }
                }
                type="email"
                value=""
        />
        <input
                name="password"
                onChange={[Function]}
                placeholder="Password"
                style={
                        Object {
                                "borderBottom": "4px solid red",
                              }
                }
                type="password"
                value=""
        />
        <button
                disabled={true}
                type="submit"
        >
                Sign in
        </button>
        <FormErrors
                formErrors={
                        Object {
                                "email": "",
                                "password": "",
                              }
                }
        />
        <p
                onClick={[Function]}
        >
                Not registered?
        </p>
</Unknown>,
      "className": "Authentication",
      "onSubmit": [Function],
    },
    "ref": null,
    "rendered": Object {
      "instance": null,
      "key": undefined,
      "nodeType": "function",
      "props": Object {
        "children": Array [
          <img
            alt=""
            src="logo.svg"
/>,
          <input
            name="email"
            onChange={[Function]}
            placeholder="Email"
            style={
                        Object {
                                    "borderBottom": "4px solid red",
                                  }
            }
            type="email"
            value=""
/>,
          <input
            name="password"
            onChange={[Function]}
            placeholder="Password"
            style={
                        Object {
                                    "borderBottom": "4px solid red",
                                  }
            }
            type="password"
            value=""
/>,
          <button
            disabled={true}
            type="submit"
>
            Sign in
</button>,
          <FormErrors
            formErrors={
                        Object {
                                    "email": "",
                                    "password": "",
                                  }
            }
/>,
          <p
            onClick={[Function]}
>
            Not registered?
</p>,
        ],
      },
      "ref": null,
      "rendered": Array [
        Object {
          "instance": null,
          "key": undefined,
          "nodeType": "host",
          "props": Object {
            "alt": "",
            "src": "logo.svg",
          },
          "ref": null,
          "rendered": null,
          "type": "img",
        },
        Object {
          "instance": null,
          "key": undefined,
          "nodeType": "host",
          "props": Object {
            "name": "email",
            "onChange": [Function],
            "placeholder": "Email",
            "style": Object {
              "borderBottom": "4px solid red",
            },
            "type": "email",
            "value": "",
          },
          "ref": null,
          "rendered": null,
          "type": "input",
        },
        Object {
          "instance": null,
          "key": undefined,
          "nodeType": "host",
          "props": Object {
            "name": "password",
            "onChange": [Function],
            "placeholder": "Password",
            "style": Object {
              "borderBottom": "4px solid red",
            },
            "type": "password",
            "value": "",
          },
          "ref": null,
          "rendered": null,
          "type": "input",
        },
        Object {
          "instance": null,
          "key": undefined,
          "nodeType": "host",
          "props": Object {
            "children": "Sign in",
            "disabled": true,
            "type": "submit",
          },
          "ref": null,
          "rendered": "Sign in",
          "type": "button",
        },
        Object {
          "instance": null,
          "key": undefined,
          "nodeType": "class",
          "props": Object {
            "formErrors": Object {
              "email": "",
              "password": "",
            },
          },
          "ref": null,
          "rendered": null,
          "type": [Function],
        },
        Object {
          "instance": null,
          "key": undefined,
          "nodeType": "host",
          "props": Object {
            "children": "Not registered?",
            "onClick": [Function],
          },
          "ref": null,
          "rendered": "Not registered?",
          "type": "p",
        },
      ],
      "type": Symbol(react.fragment),
    },
    "type": "form",
  },
  Symbol(enzyme.__nodes__): Array [
    Object {
      "instance": null,
      "key": undefined,
      "nodeType": "host",
      "props": Object {
        "autoComplete": "on",
        "children": <Unknown>
          <img
                    alt=""
                    src="logo.svg"
          />
          <input
                    name="email"
                    onChange={[Function]}
                    placeholder="Email"
                    style={
                              Object {
                                        "borderBottom": "4px solid red",
                                      }
                    }
                    type="email"
                    value=""
          />
          <input
                    name="password"
                    onChange={[Function]}
                    placeholder="Password"
                    style={
                              Object {
                                        "borderBottom": "4px solid red",
                                      }
                    }
                    type="password"
                    value=""
          />
          <button
                    disabled={true}
                    type="submit"
          >
                    Sign in
          </button>
          <FormErrors
                    formErrors={
                              Object {
                                        "email": "",
                                        "password": "",
                                      }
                    }
          />
          <p
                    onClick={[Function]}
          >
                    Not registered?
          </p>
</Unknown>,
        "className": "Authentication",
        "onSubmit": [Function],
      },
      "ref": null,
      "rendered": Object {
        "instance": null,
        "key": undefined,
        "nodeType": "function",
        "props": Object {
          "children": Array [
            <img
              alt=""
              src="logo.svg"
/>,
            <input
              name="email"
              onChange={[Function]}
              placeholder="Email"
              style={
                            Object {
                                          "borderBottom": "4px solid red",
                                        }
              }
              type="email"
              value=""
/>,
            <input
              name="password"
              onChange={[Function]}
              placeholder="Password"
              style={
                            Object {
                                          "borderBottom": "4px solid red",
                                        }
              }
              type="password"
              value=""
/>,
            <button
              disabled={true}
              type="submit"
>
              Sign in
</button>,
            <FormErrors
              formErrors={
                            Object {
                                          "email": "",
                                          "password": "",
                                        }
              }
/>,
            <p
              onClick={[Function]}
>
              Not registered?
</p>,
          ],
        },
        "ref": null,
        "rendered": Array [
          Object {
            "instance": null,
            "key": undefined,
            "nodeType": "host",
            "props": Object {
              "alt": "",
              "src": "logo.svg",
            },
            "ref": null,
            "rendered": null,
            "type": "img",
          },
          Object {
            "instance": null,
            "key": undefined,
            "nodeType": "host",
            "props": Object {
              "name": "email",
              "onChange": [Function],
              "placeholder": "Email",
              "style": Object {
                "borderBottom": "4px solid red",
              },
              "type": "email",
              "value": "",
            },
            "ref": null,
            "rendered": null,
            "type": "input",
          },
          Object {
            "instance": null,
            "key": undefined,
            "nodeType": "host",
            "props": Object {
              "name": "password",
              "onChange": [Function],
              "placeholder": "Password",
              "style": Object {
                "borderBottom": "4px solid red",
              },
              "type": "password",
              "value": "",
            },
            "ref": null,
            "rendered": null,
            "type": "input",
          },
          Object {
            "instance": null,
            "key": undefined,
            "nodeType": "host",
            "props": Object {
              "children": "Sign in",
              "disabled": true,
              "type": "submit",
            },
            "ref": null,
            "rendered": "Sign in",
            "type": "button",
          },
          Object {
            "instance": null,
            "key": undefined,
            "nodeType": "class",
            "props": Object {
              "formErrors": Object {
                "email": "",
                "password": "",
              },
            },
            "ref": null,
            "rendered": null,
            "type": [Function],
          },
          Object {
            "instance": null,
            "key": undefined,
            "nodeType": "host",
            "props": Object {
              "children": "Not registered?",
              "onClick": [Function],
            },
            "ref": null,
            "rendered": "Not registered?",
            "type": "p",
          },
        ],
        "type": Symbol(react.fragment),
      },
      "type": "form",
    },
  ],
  Symbol(enzyme.__options__): Object {
    "adapter": ReactSixteenAdapter {
      "options": Object {
        "enableComponentDidUpdateOnSetState": true,
      },
    },
  },
}
`;
